DEBUG   httpcore.connection: connect_tcp.started host='tucker.recdesk.com' port=443 local_address=None timeout=20.0 socket_options=None
DEBUG   httpcore.connection: connect_tcp.complete return_value=<httpcore._backends.sync.SyncStream object at 0x7feb967bd2b0>
DEBUG   httpcore.connection: start_tls.started ssl_context=<ssl.SSLContext object at 0x7feb96a06570> server_hostname='tucker.recdesk.com' timeout=20.0
DEBUG   httpcore.connection: start_tls.complete return_value=<httpcore._backends.sync.SyncStream object at 0x7feb968cf110>
DEBUG   httpcore.http11: send_request_headers.started request=<Request [b'GET']>
DEBUG   httpcore.http11: send_request_headers.complete
DEBUG   httpcore.http11: send_request_body.started request=<Request [b'GET']>
DEBUG   httpcore.http11: send_request_body.complete
DEBUG   httpcore.http11: receive_response_headers.started request=<Request [b'GET']>
DEBUG   httpcore.http11: receive_response_headers.complete return_value=(b'HTTP/1.1', 200, b'OK', [(b'Date', b'Wed, 29 Jul 2026 01:42:10 GMT'), (b'Content-Type', b'text/html; charset=utf-8'), (b'Content-Length', b'163773'), (b'Connection', b'keep-alive'), (b'Set-Cookie', b'AWSALB=vWqHVlrX8CjWIynkt8OVnunQDlpTmqAYUCzvvhkaa/DRTTz4i08BnPca6YefUm0h27i4lGzYGfjN+qDOC5avFATPAnfIlfGZa7kRBAP+s1rWXAfOS7/g89VbZ8oT; Expires=Wed, 05 Aug 2026 01:42:10 GMT; Path=/'), (b'Set-Cookie', b'AWSALBCORS=vWqHVlrX8CjWIynkt8OVnunQDlpTmqAYUCzvvhkaa/DRTTz4i08BnPca6YefUm0h27i4lGzYGfjN+qDOC5avFATPAnfIlfGZa7kRBAP+s1rWXAfOS7/g89VbZ8oT; Expires=Wed, 05 Aug 2026 01:42:10 GMT; Path=/; SameSite=None; Secure'), (b'Cache-Control', b'private'), (b'Server', b'Microsoft-IIS/10.0'), (b'Set-Cookie', b'ASP.NET_SessionId=z5re1dnjt1x2wipchmumiinq; path=/; secure; HttpOnly; SameSite=Lax'), (b'X-AspNet-Version', b'4.0.30319'), (b'Set-Cookie', b'lastShortName=tucker; path=/; secure'), (b'X-Powered-By', b'ASP.NET'), (b'X-XSS-Protection', b'1; mode=block'), (b'X-Content-Type-Options', b'nosniff')])
INFO    httpx: HTTP Request: GET https://tucker.recdesk.com/Community/Program?category=3 "HTTP/1.1 200 OK"
DEBUG   httpcore.http11: receive_response_body.started request=<Request [b'GET']>
DEBUG   httpcore.http11: receive_response_body.complete
DEBUG   httpcore.http11: response_closed.started
DEBUG   httpcore.http11: response_closed.complete
INFO    campradar.pipeline: tucker-rec: 0 sessions
DEBUG   httpcore.connection: connect_tcp.started host='anc.apm.activecommunities.com' port=443 local_address=None timeout=20.0 socket_options=None
DEBUG   httpcore.connection: connect_tcp.complete return_value=<httpcore._backends.sync.SyncStream object at 0x7feb96759310>
DEBUG   httpcore.connection: start_tls.started ssl_context=<ssl.SSLContext object at 0x7feb96a06570> server_hostname='anc.apm.activecommunities.com' timeout=20.0
DEBUG   httpcore.connection: start_tls.complete return_value=<httpcore._backends.sync.SyncStream object at 0x7feb967ad940>
DEBUG   httpcore.http11: send_request_headers.started request=<Request [b'GET']>
DEBUG   httpcore.http11: send_request_headers.complete
DEBUG   httpcore.http11: send_request_body.started request=<Request [b'GET']>
DEBUG   httpcore.http11: send_request_body.complete
DEBUG   httpcore.http11: receive_response_headers.started request=<Request [b'GET']>
DEBUG   httpcore.http11: receive_response_headers.complete return_value=(b'HTTP/1.1', 302, b'Found', [(b'Date', b'Wed, 29 Jul 2026 01:42:11 GMT'), (b'Vary', b'Accept-Encoding'), (b'Set-Cookie', b'JSESSIONID=node01jq02qj8qw8gj1ok4zfkzknq0k7958665.node0; Path=/'), (b'Expires', b'Thu, 01 Jan 1970 00:00:00 GMT'), (b'Set-Cookie', b'dekalbcountyrecreation_LOGGED_JSESSIONID=; Path=/; Domain=.apm.activecommunities.com; Secure; HttpOnly'), (b'Set-Cookie', b'dekalbcountyrecreation_JSESSIONID=node0dg24gsiurmmg1e4xcuwfdcp043966780.node0; Path=/; Domain=.apm.activecommunities.com; Secure; HttpOnly'), (b'Set-Cookie', b'dekalbcountyrecreation_FullPageView=true; Path=/; Domain=.apm.activecommunities.com; Secure; HttpOnly'), (b'Set-Cookie', b'dekalbcountyrecreation_NEW_CUI_STATUS=true; Path=/; Domain=.apm.activecommunities.com; Secure; HttpOnly'), (b'Location', b'https://anc.apm.activecommunities.com/dekalbcountyrecreation/activity/search?locale=en-US'), (b'Content-Length', b'0'), (b'Set-Cookie', b'BIGipServer~activenet~anc_prod_dekalbcountyrecreation=!jA4OF/6JlomwXM6uYs8xgPvVwt6WjckZlF2CBJaEg8aa171b9iqstqJ1RoNJ/jx+tGUmEAlqwH+7HFc=; expires=Wed, 29-Jul-2026 05:42:11 GMT; path=/; Httponly; Secure'), (b'server-id', b'106'), (b'Set-Cookie', b'TS01252aa9=01921c5c3e344fc026790141346ff0b4f73931c0045397b42b5c902fe5ca1b61b73715d53fcb1bbd09c6041400afc6da5f99d111139cc2f45f3f7264f5682a97c346c9e8381c291b234b300983fc15350194a45a1a; Path=/; Secure; HttpOnly'), (b'Set-Cookie', b'TS01ee6c1c=01921c5c3e52d534beab3099ff9b43e1fdde28bfb55397b42b5c902fe5ca1b61b73715d53f7628a403f6ad37d6d3cc5a2ac52002fb490c1e4e3ef0ecd3c210c1644663f3c423497babfcc73e714ba00475d29b20eab518fd60105ebe7f91233cdb7b552e1c2d970480bdbefa33d358879e285711cc; path=/; domain=.apm.activecommunities.com; HttpOnly; Secure'), (b'Age', b'0'), (b'Connection', b'keep-alive'), (b'Server', b'ATS/8.1.11'), (b'Set-Cookie', b'BIGipServer~activenet~activenet_newcui_prod_pool_ats=!jBDBNli057w4g4SuYs8xgPvVwt6WjVmYP2a4xXpnixMiUyvzPHy2ze+RwUpvVsvwLV2sRorZ7Aj8kw==; expires=Wed, 29-Jul-2026 05:42:11 GMT; path=/; Httponly; Secure')])
INFO    httpx: HTTP Request: GET https://anc.apm.activecommunities.com/dekalbcountyrecreation/activity/search "HTTP/1.1 302 Found"
DEBUG   httpcore.http11: receive_response_body.started request=<Request [b'GET']>
DEBUG   httpcore.http11: receive_response_body.complete
DEBUG   httpcore.http11: response_closed.started
DEBUG   httpcore.http11: response_closed.complete
DEBUG   httpcore.http11: send_request_headers.started request=<Request [b'GET']>
DEBUG   httpcore.http11: send_request_headers.complete
DEBUG   httpcore.http11: send_request_body.started request=<Request [b'GET']>
DEBUG   httpcore.http11: send_request_body.complete
DEBUG   httpcore.http11: receive_response_headers.started request=<Request [b'GET']>
DEBUG   httpcore.http11: receive_response_headers.complete return_value=(b'HTTP/1.1', 200, b'OK', [(b'Date', b'Wed, 29 Jul 2026 01:42:11 GMT'), (b'Vary', b'Accept-Encoding'), (b'Cache-Control', b'no-cache, no-store, must-revalidate'), (b'Pragma', b'no-cache'), (b'X-Frame-Options', b'SAMEORIGIN'), (b'Content-Security-Policy', b"frame-ancestors 'self';"), (b'Expires', b'0'), (b'Content-Type', b'text/html;charset=utf-8'), (b'X-Content-Type-Options', b'nosniff'), (b'Strict-Transport-Security', b'max-age=31536000; includeSubDomains'), (b'Content-Language', b'en-US'), (b'Content-Encoding', b'gzip'), (b'Set-Cookie', b'BIGipServer~activenet~anc_prod_dekalbcountyrecreation=!+1EcpHyCruO0uH6uYs8xgPvVwt6WjQdJhK2SauTQtlbEBImv/1nidK8UNb6FsUCz6qylU8pX1HmpZyY=; expires=Wed, 29-Jul-2026 05:42:11 GMT; path=/; Httponly; Secure'), (b'server-id', b'106'), (b'Set-Cookie', b'TS01252aa9=01921c5c3e29e8ab7629c6bdf56da3f663bdc96a4d5397b42b5c902fe5ca1b61b73715d53fcb1bbd09c6041400afc6da5f99d111139cc2f45f3f7264f5682a97c346c9e8386862f4804de9a45f851adfe1f9be88f1; Path=/; Secure; HttpOnly'), (b'Age', b'0'), (b'Transfer-Encoding', b'chunked'), (b'Connection', b'keep-alive'), (b'Server', b'ATS/8.1.11'), (b'Set-Cookie', b'BIGipServer~activenet~activenet_newcui_prod_pool_ats=!mb9AHkV9wMe8JxuuYs8xgPvVwt6WjTqAjsUL5ZkiPKgIp9CT5jHKrBwWvOl1CZeuWFTbdQPNffezlA==; expires=Wed, 29-Jul-2026 05:42:11 GMT; path=/; Httponly; Secure')])
INFO    httpx: HTTP Request: GET https://anc.apm.activecommunities.com/dekalbcountyrecreation/activity/search?locale=en-US "HTTP/1.1 200 OK"
DEBUG   httpcore.http11: receive_response_body.started request=<Request [b'GET']>
DEBUG   httpcore.http11: receive_response_body.complete
DEBUG   httpcore.http11: response_closed.started
DEBUG   httpcore.http11: response_closed.complete
INFO    campradar.pipeline: dekalb-county: 0 sessions
DEBUG   httpcore.connection: connect_tcp.started host='dunwoodynature.org' port=443 local_address=None timeout=20.0 socket_options=None
DEBUG   httpcore.connection: connect_tcp.complete return_value=<httpcore._backends.sync.SyncStream object at 0x7feb967ae8b0>
DEBUG   httpcore.connection: start_tls.started ssl_context=<ssl.SSLContext object at 0x7feb96a06570> server_hostname='dunwoodynature.org' timeout=20.0
DEBUG   httpcore.connection: start_tls.complete return_value=<httpcore._backends.sync.SyncStream object at 0x7feb967b17f0>
DEBUG   httpcore.http11: send_request_headers.started request=<Request [b'GET']>
DEBUG   httpcore.http11: send_request_headers.complete
DEBUG   httpcore.http11: send_request_body.started request=<Request [b'GET']>
DEBUG   httpcore.http11: send_request_body.complete
DEBUG   httpcore.http11: receive_response_headers.started request=<Request [b'GET']>
DEBUG   httpcore.http11: receive_response_headers.complete return_value=(b'HTTP/1.1', 404, b'Not Found', [(b'Server', b'nginx'), (b'Date', b'Wed, 29 Jul 2026 01:42:11 GMT'), (b'Content-Type', b'text/html; charset=UTF-8'), (b'Transfer-Encoding', b'chunked'), (b'Connection', b'keep-alive'), (b'Vary', b'Accept-Encoding'), (b'Expires', b'Wed, 11 Jan 1984 05:00:00 GMT'), (b'Cache-Control', b'no-cache, must-revalidate, max-age=0, no-store, private'), (b'Link', b'<https://dunwoodynature.org/wp-json/>; rel="https://api.w.org/"'), (b'Strict-Transport-Security', b'max-age=31536000; includeSubDomains; preload'), (b'Content-Encoding', b'gzip')])
INFO    httpx: HTTP Request: GET https://dunwoodynature.org/camps/ "HTTP/1.1 404 Not Found"
DEBUG   httpcore.http11: receive_response_body.started request=<Request [b'GET']>
DEBUG   httpcore.http11: receive_response_body.complete
DEBUG   httpcore.http11: response_closed.started
DEBUG   httpcore.http11: response_closed.complete
ERROR   campradar.pipeline: dunwoody-nature-center-camps failed: Client error '404 Not Found' for url 'https://dunwoodynature.org/camps/'
For more information check: https://developer.mozilla.org/en-US/docs/Web/HTTP/Status/404
DEBUG   httpcore.connection: connect_tcp.started host='callanwolde.org' port=443 local_address=None timeout=20.0 socket_options=None
DEBUG   httpcore.connection: connect_tcp.complete return_value=<httpcore._backends.sync.SyncStream object at 0x7feb96982ad0>
DEBUG   httpcore.connection: start_tls.started ssl_context=<ssl.SSLContext object at 0x7feb96a06570> server_hostname='callanwolde.org' timeout=20.0
DEBUG   httpcore.connection: start_tls.complete return_value=<httpcore._backends.sync.SyncStream object at 0x7feb96982cf0>
DEBUG   httpcore.http11: send_request_headers.started request=<Request [b'GET']>
DEBUG   httpcore.http11: send_request_headers.complete
DEBUG   httpcore.http11: send_request_body.started request=<Request [b'GET']>
DEBUG   httpcore.http11: send_request_body.complete
DEBUG   httpcore.http11: receive_response_headers.started request=<Request [b'GET']>
DEBUG   httpcore.http11: receive_response_headers.complete return_value=(b'HTTP/1.1', 301, b'Moved Permanently', [(b'Date', b'Wed, 29 Jul 2026 01:42:12 GMT'), (b'Content-Type', b'text/html; charset=UTF-8'), (b'Transfer-Encoding', b'chunked'), (b'Connection', b'keep-alive'), (b'Server', b'cloudflare'), (b'Cache-Control', b'no-cache, must-revalidate, max-age=0, no-store, private'), (b'Expires', b'Wed, 11 Jan 1984 05:00:00 GMT'), (b'Location', b'https://callanwolde.org/classes/camps/'), (b'Vary', b'accept-encoding'), (b'Status', b'301 Moved Permanently'), (b'X-Powered-By', b'WP Engine'), (b'X-Redirect-By', b'WordPress'), (b'X-Cacheable', b'NO:Private'), (b'X-Cache', b'MISS'), (b'X-Cache-Group', b'normal'), (b'Set-Cookie', b'_fbp=fb.1.1.78528933186E%2B12.1849880265.AQECAQIB; expires=Tue, 27 Oct 2026 01:42:11 GMT; Max-Age=7776000; path=/; domain=callanwolde.org; secure; SameSite=Lax'), (b'set-cookie', b'__cf_bm=9.p9c49YfbfGjcX3VGBiNdOPFH__H_V7ZHiUDf1O0NI-1785289331.783805-1.0.1.1-kDKiOLjIku3AQC.g8o52x2U3VAJIKjOXFxtQJl.pGJUlhGv4hzJTz65Zy_mHCGcKalltJZ2JRbBgbt0NgTOWOYOYiTB_yXO_HqoalATtHhtYHZ2KhNLIxgkIbXhq6faM; HttpOnly; SameSite=None; Secure; Path=/; Domain=callanwolde.org; Expires=Wed, 29 Jul 2026 02:12:12 GMT'), (b'cf-cache-status', b'BYPASS'), (b'CF-RAY', b'a2286cf3ad16bccb-ATL'), (b'alt-svc', b'h3=":443"; ma=86400')])
INFO    httpx: HTTP Request: GET https://callanwolde.org/camps/ "HTTP/1.1 301 Moved Permanently"
DEBUG   httpcore.http11: receive_response_body.started request=<Request [b'GET']>
DEBUG   httpcore.http11: receive_response_body.complete
DEBUG   httpcore.http11: response_closed.started
DEBUG   httpcore.http11: response_closed.complete
DEBUG   httpcore.http11: send_request_headers.started request=<Request [b'GET']>
DEBUG   httpcore.http11: send_request_headers.complete
DEBUG   httpcore.http11: send_request_body.started request=<Request [b'GET']>
DEBUG   httpcore.http11: send_request_body.complete
DEBUG   httpcore.http11: receive_response_headers.started request=<Request [b'GET']>
DEBUG   httpcore.http11: receive_response_headers.complete return_value=(b'HTTP/1.1', 200, b'OK', [(b'Date', b'Wed, 29 Jul 2026 01:42:12 GMT'), (b'Content-Type', b'text/html; charset=UTF-8'), (b'Transfer-Encoding', b'chunked'), (b'Connection', b'keep-alive'), (b'Server', b'cloudflare'), (b'cf-cache-status', b'BYPASS'), (b'Vary', b'Accept-Encoding'), (b'Vary', b'Accept-Encoding,Cookie'), (b'Link', b'<https://callanwolde.org/wp-json/>; rel="https://api.w.org/"'), (b'Link', b'<https://callanwolde.org/wp-json/wp/v2/pages/545>; rel="alternate"; title="JSON"; type="application/json"'), (b'Link', b'<https://callanwolde.org/?p=545>; rel=shortlink'), (b'Set-Cookie', b'_fbp=fb.1.1.78528910579E%2B12.344680610.AQECAQIB; expires=Tue, 27 Oct 2026 01:38:25 GMT; Max-Age=7776000; path=/; domain=callanwolde.org; secure; SameSite=Lax'), (b'X-Et-Api-Origin', b'https://callanwolde.org'), (b'X-Et-Api-Root', b'https://callanwolde.org/wp-json/tribe/tickets/v1/'), (b'X-Et-Api-Version', b'v1'), (b'X-Powered-By', b'WP Engine'), (b'X-Tec-Api-Origin', b'https://callanwolde.org'), (b'X-Tec-Api-Root', b'https://callanwolde.org/wp-json/tribe/events/v1/'), (b'X-Tec-Api-Version', b'v1'), (b'X-Cacheable', b'SHORT'), (b'Cache-Control', b'max-age=600, must-revalidate'), (b'X-Cache', b'HIT: 1'), (b'X-Cache-Group', b'normal'), (b'Content-Encoding', b'gzip'), (b'CF-RAY', b'a2286cf61f18bccb-ATL'), (b'alt-svc', b'h3=":443"; ma=86400')])
INFO    httpx: HTTP Request: GET https://callanwolde.org/classes/camps/ "HTTP/1.1 200 OK"
DEBUG   httpcore.http11: receive_response_body.started request=<Request [b'GET']>
DEBUG   httpcore.http11: receive_response_body.complete
DEBUG   httpcore.http11: response_closed.started
DEBUG   httpcore.http11: response_closed.complete
INFO    campradar.pipeline: callanwolde-camps: 0 sessions
DEBUG   httpcore.connection: connect_tcp.started host='zooatlanta.org' port=443 local_address=None timeout=20.0 socket_options=None
DEBUG   httpcore.connection: connect_tcp.complete return_value=<httpcore._backends.sync.SyncStream object at 0x7feb96662f50>
DEBUG   httpcore.connection: start_tls.started ssl_context=<ssl.SSLContext object at 0x7feb96a06570> server_hostname='zooatlanta.org' timeout=20.0
DEBUG   httpcore.connection: start_tls.complete return_value=<httpcore._backends.sync.SyncStream object at 0x7feb96663050>
DEBUG   httpcore.http11: send_request_headers.started request=<Request [b'GET']>
DEBUG   httpcore.http11: send_request_headers.complete
DEBUG   httpcore.http11: send_request_body.started request=<Request [b'GET']>
DEBUG   httpcore.http11: send_request_body.complete
DEBUG   httpcore.http11: receive_response_headers.started request=<Request [b'GET']>
DEBUG   httpcore.http11: receive_response_headers.complete return_value=(b'HTTP/1.1', 404, b'Not Found', [(b'Date', b'Wed, 29 Jul 2026 01:42:12 GMT'), (b'Content-Type', b'text/html; charset=UTF-8'), (b'Transfer-Encoding', b'chunked'), (b'Connection', b'keep-alive'), (b'Server', b'cloudflare'), (b'Vary', b'Accept-Encoding'), (b'Cache-Control', b'no-cache, must-revalidate, max-age=0, no-store, private'), (b'Expires', b'Wed, 11 Jan 1984 05:00:00 GMT'), (b'Link', b'<https://zooatlanta.org/wp-json/>; rel="https://api.w.org/"'), (b'Permissions-Policy', b'accelerometer=(self), autoplay=(self), camera=(self), encrypted-media=(self), fullscreen=(self), geolocation=(self), gyroscope=(self), magnetometer=(self), microphone=(self), midi=(self), payment=(self), usb=(self)'), (b'Referrer-Policy', b'origin-when-cross-origin'), (b'Status', b'404 Not Found'), (b'Strict-Transport-Security', b'max-age=2592000'), (b'X-Content-Type-Options', b'nosniff'), (b'X-Frame-Options', b'sameorigin'), (b'X-Powered-By', b'WP Engine'), (b'X-Xss-Protection', b'1'), (b'X-Cacheable', b'NO:Private'), (b'X-Cache', b'MISS'), (b'X-Cache-Group', b'normal'), (b'cf-cache-status', b'DYNAMIC'), (b'set-cookie', b'__cf_bm=ccHSLTI4dZhu0ga6.pGrji9DZtC5k6Oor7..5wYCWp4-1785289332.439421-1.0.1.1-rWZE4cf6GHA1uws8ynVDUF2THcZq.GqfiSMB1oi25y.Z.ugOX5Zz6HmGdgoCnacqi31lSvpcouWvqpeVh8glGNJdTskuzW9t6suTWmZ2N_7FIQQz35gsYTb3QYEdDvC9; HttpOnly; SameSite=None; Secure; Path=/; Domain=zooatlanta.org; Expires=Wed, 29 Jul 2026 02:12:12 GMT'), (b'Content-Encoding', b'gzip'), (b'CF-RAY', b'a2286cf7b8f13320-ATL'), (b'alt-svc', b'h3=":443"; ma=86400')])
INFO    httpx: HTTP Request: GET https://zooatlanta.org/programs/camps/ "HTTP/1.1 404 Not Found"
DEBUG   httpcore.http11: receive_response_body.started request=<Request [b'GET']>
DEBUG   httpcore.http11: receive_response_body.complete
DEBUG   httpcore.http11: response_closed.started
DEBUG   httpcore.http11: response_closed.complete
ERROR   campradar.pipeline: zoo-atlanta-camps failed: Client error '404 Not Found' for url 'https://zooatlanta.org/programs/camps/'
For more information check: https://developer.mozilla.org/en-US/docs/Web/HTTP/Status/404
DEBUG   httpcore.connection: close.started
DEBUG   httpcore.connection: close.complete
DEBUG   httpcore.connection: close.started
DEBUG   httpcore.connection: close.complete
DEBUG   httpcore.connection: close.started
DEBUG   httpcore.connection: close.complete
DEBUG   httpcore.connection: close.started
DEBUG   httpcore.connection: close.complete
DEBUG   httpcore.connection: close.started
DEBUG   httpcore.connection: close.complete
Sources: 3 ok, 2 failed
  failed: dunwoody-nature-center-camps, zoo-atlanta-camps
Sessions found: 0
Changes: No changes.
